abhishek@abhishek-HP-Laptop-15-bs0xx:~$ git --version
git version 2.7.4
abhishek@abhishek-HP-Laptop-15-bs0xx:~$ git config --global user.name "Abhishek Kumar Singh"
abhishek@abhishek-HP-Laptop-15-bs0xx:~$ git config --global user.email "abhishek181297@gmail.com"
abhishek@abhishek-HP-Laptop-15-bs0xx:~$ git config --list
user.name=Abhishek Kumar Singh
user.email=abhishek181297@gmail.com
abhishek@abhishek-HP-Laptop-15-bs0xx:~$ git help
usage: git [--version] [--help] [-C <path>] [-c name=value]
           [--exec-path[=<path>]] [--html-path] [--man-path] [--info-path]
           [-p | --paginate | --no-pager] [--no-replace-objects] [--bare]
           [--git-dir=<path>] [--work-tree=<path>] [--namespace=<name>]
           <command> [<args>]

These are common Git commands used in various situations:

start a working area (see also: git help tutorial)
   clone      Clone a repository into a new directory
   init       Create an empty Git repository or reinitialize an existing one

work on the current change (see also: git help everyday)
   add        Add file contents to the index
   mv         Move or rename a file, a directory, or a symlink
   reset      Reset current HEAD to the specified state
   rm         Remove files from the working tree and from the index

examine the history and state (see also: git help revisions)
   bisect     Use binary search to find the commit that introduced a bug
   grep       Print lines matching a pattern
   log        Show commit logs
   show       Show various types of objects
   status     Show the working tree status

grow, mark and tweak your common history
   branch     List, create, or delete branches
   checkout   Switch branches or restore working tree files
   commit     Record changes to the repository
   diff       Show changes between commits, commit and working tree, etc
   merge      Join two or more development histories together
   rebase     Forward-port local commits to the updated upstream head
   tag        Create, list, delete or verify a tag object signed with GPG

collaborate (see also: git help workflows)
   fetch      Download objects and refs from another repository
   pull       Fetch from and integrate with another repository or a local branch
   push       Update remote refs along with associated objects

'git help -a' and 'git help -g' list available subcommands and some
concept guides. See 'git help <command>' or 'git help <concept>'
to read about a specific subcommand or concept.
abhishek@abhishek-HP-Laptop-15-bs0xx:~$ git help commit
abhishek@abhishek-HP-Laptop-15-bs0xx:~$ cd Desktop/
abhishek@abhishek-HP-Laptop-15-bs0xx:~/Desktop$ mkdir git
abhishek@abhishek-HP-Laptop-15-bs0xx:~/Desktop$ cd git
abhishek@abhishek-HP-Laptop-15-bs0xx:~/Desktop/git$ mkdir Tuna
abhishek@abhishek-HP-Laptop-15-bs0xx:~/Desktop/git$ cd Tuna/
abhishek@abhishek-HP-Laptop-15-bs0xx:~/Desktop/git/Tuna$ git init
Initialized empty Git repository in /home/abhishek/Desktop/git/Tuna/.git/
abhishek@abhishek-HP-Laptop-15-bs0xx:~/Desktop/git/Tuna$ git branch
abhishek@abhishek-HP-Laptop-15-bs0xx:~/Desktop/git/Tuna$ ls
abhishek@abhishek-HP-Laptop-15-bs0xx:~/Desktop/git/Tuna$ ls -l
total 0
abhishek@abhishek-HP-Laptop-15-bs0xx:~/Desktop/git/Tuna$ ls -a
.  ..  .git
abhishek@abhishek-HP-Laptop-15-bs0xx:~/Desktop/git/Tuna$ ls -la
total 12
drwxrwxr-x 3 abhishek abhishek 4096 Mar 28 15:19 .
drwxrwxr-x 3 abhishek abhishek 4096 Mar 28 15:18 ..
drwxrwxr-x 7 abhishek abhishek 4096 Mar 28 15:19 .git
abhishek@abhishek-HP-Laptop-15-bs0xx:~/Desktop/git/Tuna$ git add .
abhishek@abhishek-HP-Laptop-15-bs0xx:~/Desktop/git/Tuna$ git commit -m "This is our first commit"
[master (root-commit) cc5e441] This is our first commit
 1 file changed, 2 insertions(+)
 create mode 100644 first
abhishek@abhishek-HP-Laptop-15-bs0xx:~/Desktop/git/Tuna$ git log
commit cc5e44101094fdf6fb0b23169da3f5b99ab2b049
Author: Abhishek Kumar Singh <abhishek181297@gmail.com>
Date:   Wed Mar 28 15:27:06 2018 +0530

    This is our first commit
abhishek@abhishek-HP-Laptop-15-bs0xx:~/Desktop/git/Tuna$ git log --author="Abhishek"
commit cc5e44101094fdf6fb0b23169da3f5b99ab2b049
Author: Abhishek Kumar Singh <abhishek181297@gmail.com>
Date:   Wed Mar 28 15:27:06 2018 +0530

    This is our first commit
abhishek@abhishek-HP-Laptop-15-bs0xx:~/Desktop/git/Tuna$ git log --author="wen"abhishek@abhishek-HP-Laptop-15-bs0xx:~/Desktop/git/Tuna$ git status
On branch master
nothing to commit, working directory clean
abhishek@abhishek-HP-Laptop-15-bs0xx:~/Desktop/git/Tuna$  git status
On branch master
Untracked files:
  (use "git add <file>..." to include in what will be committed)

	Third
	second

nothing added to commit but untracked files present (use "git add" to track)
abhishek@abhishek-HP-Laptop-15-bs0xx:~/Desktop/git/Tuna$ git add second 
abhishek@abhishek-HP-Laptop-15-bs0xx:~/Desktop/git/Tuna$ git status
On branch master
Changes to be committed:
  (use "git reset HEAD <file>..." to unstage)

	new file:   second

Untracked files:
  (use "git add <file>..." to include in what will be committed)

	Third

abhishek@abhishek-HP-Laptop-15-bs0xx:~/Desktop/git/Tuna$ git commit -m "commiting the second file"
[master b73d667] commiting the second file
 1 file changed, 1 insertion(+)
 create mode 100644 second
abhishek@abhishek-HP-Laptop-15-bs0xx:~/Desktop/git/Tuna$ git log
commit b73d667a01486e602710cc94e47c2b2c0e198f84
Author: Abhishek Kumar Singh <abhishek181297@gmail.com>
Date:   Wed Mar 28 15:42:40 2018 +0530

    commiting the second file

commit cc5e44101094fdf6fb0b23169da3f5b99ab2b049
Author: Abhishek Kumar Singh <abhishek181297@gmail.com>
Date:   Wed Mar 28 15:27:06 2018 +0530

    This is our first commit
abhishek@abhishek-HP-Laptop-15-bs0xx:~/Desktop/git/Tuna$ git status
On branch master
Untracked files:
  (use "git add <file>..." to include in what will be committed)

	Third

nothing added to commit but untracked files present (use "git add" to track)
abhishek@abhishek-HP-Laptop-15-bs0xx:~/Desktop/git/Tuna$ ls
first  second  Third
abhishek@abhishek-HP-Laptop-15-bs0xx:~/Desktop/git/Tuna$ git add Third 
abhishek@abhishek-HP-Laptop-15-bs0xx:~/Desktop/git/Tuna$ git status
On branch master
Changes to be committed:
  (use "git reset HEAD <file>..." to unstage)

	new file:   Third

abhishek@abhishek-HP-Laptop-15-bs0xx:~/Desktop/git/Tuna$ git commit -m "the third file is now joining its friends"
[master 91f09f1] the third file is now joining its friends
 1 file changed, 1 insertion(+)
 create mode 100644 Third
abhishek@abhishek-HP-Laptop-15-bs0xx:~/Desktop/git/Tuna$ git status
On branch master
nothing to commit, working directory clean
abhishek@abhishek-HP-Laptop-15-bs0xx:~/Desktop/git/Tuna$ git log
commit 91f09f11262eb9bfcd8b86b37bf293c3322631af
Author: Abhishek Kumar Singh <abhishek181297@gmail.com>
Date:   Wed Mar 28 15:44:26 2018 +0530

    the third file is now joining its friends

commit b73d667a01486e602710cc94e47c2b2c0e198f84
Author: Abhishek Kumar Singh <abhishek181297@gmail.com>
Date:   Wed Mar 28 15:42:40 2018 +0530

    commiting the second file

commit cc5e44101094fdf6fb0b23169da3f5b99ab2b049
Author: Abhishek Kumar Singh <abhishek181297@gmail.com>
Date:   Wed Mar 28 15:27:06 2018 +0530

    This is our first commit
abhishek@abhishek-HP-Laptop-15-bs0xx:~/Desktop/git/Tuna$ git status
On branch master
Changes not staged for commit:
  (use "git add <file>..." to update what will be committed)
  (use "git checkout -- <file>..." to discard changes in working directory)

	modified:   first

no changes added to commit (use "git add" and/or "git commit -a")
abhishek@abhishek-HP-Laptop-15-bs0xx:~/Desktop/git/Tuna$ git add first 
abhishek@abhishek-HP-Laptop-15-bs0xx:~/Desktop/git/Tuna$ git commit -m "modified the first file"
[master b1e1c17] modified the first file
 1 file changed, 2 insertions(+)
abhishek@abhishek-HP-Laptop-15-bs0xx:~/Desktop/git/Tuna$ git status
On branch master
nothing to commit, working directory clean
abhishek@abhishek-HP-Laptop-15-bs0xx:~/Desktop/git/Tuna$ git status
On branch master
Changes not staged for commit:
  (use "git add <file>..." to update what will be committed)
  (use "git checkout -- <file>..." to discard changes in working directory)

	modified:   first

no changes added to commit (use "git add" and/or "git commit -a")
abhishek@abhishek-HP-Laptop-15-bs0xx:~/Desktop/git/Tuna$ git status
On branch master
Changes not staged for commit:
  (use "git add <file>..." to update what will be committed)
  (use "git checkout -- <file>..." to discard changes in working directory)

	modified:   first

no changes added to commit (use "git add" and/or "git commit -a")
abhishek@abhishek-HP-Laptop-15-bs0xx:~/Desktop/git/Tuna$ git add first
abhishek@abhishek-HP-Laptop-15-bs0xx:~/Desktop/git/Tuna$ git commit -m "Even pressing enter is treated as a change"
[master 13c08af] Even pressing enter is treated as a change
 1 file changed, 1 insertion(+), 1 deletion(-)
abhishek@abhishek-HP-Laptop-15-bs0xx:~/Desktop/git/Tuna$ git status
On branch master
Changes not staged for commit:
  (use "git add <file>..." to update what will be committed)
  (use "git checkout -- <file>..." to discard changes in working directory)

	modified:   second

no changes added to commit (use "git add" and/or "git commit -a")
abhishek@abhishek-HP-Laptop-15-bs0xx:~/Desktop/git/Tuna$ git status
On branch master
Changes not staged for commit:
  (use "git add <file>..." to update what will be committed)
  (use "git checkout -- <file>..." to discard changes in working directory)

	modified:   Third
	modified:   second

no changes added to commit (use "git add" and/or "git commit -a")
abhishek@abhishek-HP-Laptop-15-bs0xx:~/Desktop/git/Tuna$ git add . 
abhishek@abhishek-HP-Laptop-15-bs0xx:~/Desktop/git/Tuna$ git commit -m "This is how multiple commit is done by using ."
[master 23e37a2] This is how multiple commit is done by using .
 2 files changed, 3 insertions(+)



abhishek@abhishek-HP-Laptop-15-bs0xx:~$ cd Desktop/git/Tuna/
abhishek@abhishek-HP-Laptop-15-bs0xx:~/Desktop/git/Tuna$ git status
On branch master
nothing to commit, working directory clean
abhishek@abhishek-HP-Laptop-15-bs0xx:~/Desktop/git/Tuna$ git status
On branch master
Changes not staged for commit:
  (use "git add <file>..." to update what will be committed)
  (use "git checkout -- <file>..." to discard changes in working directory)

	modified:   first

no changes added to commit (use "git add" and/or "git commit -a")
abhishek@abhishek-HP-Laptop-15-bs0xx:~/Desktop/git/Tuna$ git diff
diff --git a/first b/first
index 03be6d6..2073be0 100644
--- a/first
+++ b/first
@@ -1,4 +1,4 @@
 This is our first document.
 we are following video lecture 3 of bucky.
 
-Making some changes to first
+Abhishek is the best
abhishek@abhishek-HP-Laptop-15-bs0xx:~/Desktop/git/Tuna$ git add first 
abhishek@abhishek-HP-Laptop-15-bs0xx:~/Desktop/git/Tuna$ git commit -m "we are commiting our changes"
[master c1f4efd] we are commiting our changes
 1 file changed, 1 insertion(+), 1 deletion(-)
abhishek@abhishek-HP-Laptop-15-bs0xx:~/Desktop/git/Tuna$ git status
On branch master
Changes not staged for commit:
  (use "git add <file>..." to update what will be committed)
  (use "git checkout -- <file>..." to discard changes in working directory)

	modified:   Third
	modified:   second

no changes added to commit (use "git add" and/or "git commit -a")
abhishek@abhishek-HP-Laptop-15-bs0xx:~/Desktop/git/Tuna$ git diff
diff --git a/Third b/Third
index 87462ef..d5be613 100644
--- a/Third
+++ b/Third
@@ -1,2 +1,2 @@
 This is the third file.
-changes to third file.
+change to third file.
diff --git a/second b/second
index b7b6f5a..e5683b7 100644
--- a/second
+++ b/second
@@ -1,3 +1,3 @@
 This is the second file.
 
-changes to second file.
+change to second file.
abhishek@abhishek-HP-Laptop-15-bs0xx:~/Desktop/git/Tuna$ git add .
abhishek@abhishek-HP-Laptop-15-bs0xx:~/Desktop/git/Tuna$ git commint -m "here are some awsome changes"
git: 'commint' is not a git command. See 'git --help'.

Did you mean this?
	commit
abhishek@abhishek-HP-Laptop-15-bs0xx:~/Desktop/git/Tuna$ git commit -m "here are some awsome changes"
[master dbbc2df] here are some awsome changes
 2 files changed, 2 insertions(+), 2 deletions(-)
abhishek@abhishek-HP-Laptop-15-bs0xx:~/Desktop/git/Tuna$ git diff
abhishek@abhishek-HP-Laptop-15-bs0xx:~/Desktop/git/Tuna$ git status
On branch master
Changes not staged for commit:
  (use "git add <file>..." to update what will be committed)
  (use "git checkout -- <file>..." to discard changes in working directory)

	modified:   Third

no changes added to commit (use "git add" and/or "git commit -a")
abhishek@abhishek-HP-Laptop-15-bs0xx:~/Desktop/git/Tuna$ git diff
diff --git a/Third b/Third
index d5be613..87462ef 100644
--- a/Third
+++ b/Third
@@ -1,2 +1,2 @@
 This is the third file.
-change to third file.
+changes to third file.
abhishek@abhishek-HP-Laptop-15-bs0xx:~/Desktop/git/Tuna$ git add Third 
abhishek@abhishek-HP-Laptop-15-bs0xx:~/Desktop/git/Tuna$ git diff
abhishek@abhishek-HP-Laptop-15-bs0xx:~/Desktop/git/Tuna$ echo "Here git diff doesn't shows any difference because git diff only compares your working area with the repository""
> "
Here git diff doesn't shows any difference because git diff only compares your working area with the repository

abhishek@abhishek-HP-Laptop-15-bs0xx:~/Desktop/git/Tuna$ echo "to compare repository with staging area use command >> git diff --staged"
to compare repository with staging area use command >> git diff --staged
abhishek@abhishek-HP-Laptop-15-bs0xx:~/Desktop/git/Tuna$ git diff --staged
diff --git a/Third b/Third
index d5be613..87462ef 100644
--- a/Third
+++ b/Third
@@ -1,2 +1,2 @@
 This is the third file.
-change to third file.
+changes to third file.
abhishek@abhishek-HP-Laptop-15-bs0xx:~/Desktop/git/Tuna$ git commint -m "difference between >>git diff and >>git diff --staged"
git: 'commint' is not a git command. See 'git --help'.

Did you mean this?
	commit
abhishek@abhishek-HP-Laptop-15-bs0xx:~/Desktop/git/Tuna$ git commit -m "difference between >>git diff and >>git diff --staged"
[master 72e1dfe] difference between >>git diff and >>git diff --staged
 1 file changed, 1 insertion(+), 1 deletion(-)
abhishek@abhishek-HP-Laptop-15-bs0xx:~/Desktop/git/Tuna$ 
abhishek@abhishek-HP-Laptop-15-bs0xx:~/Desktop/git/Tuna$ 
abhishek@abhishek-HP-Laptop-15-bs0xx:~/Desktop/git/Tuna$ 
abhishek@abhishek-HP-Laptop-15-bs0xx:~/Desktop/git/Tuna$ echo "To delete a file use the command >>> git rm third"
To delete a file use the command >>> git rm third
abhishek@abhishek-HP-Laptop-15-bs0xx:~/Desktop/git/Tuna$ echo "It will delete the file both from repository and the actual location"
It will delete the file both from repository and the actual location
abhishek@abhishek-HP-Laptop-15-bs0xx:~/Desktop/git/Tuna$ git rm Third 
rm 'Third'
abhishek@abhishek-HP-Laptop-15-bs0xx:~/Desktop/git/Tuna$ git status
On branch master
Changes to be committed:
  (use "git reset HEAD <file>..." to unstage)

	deleted:    Third

abhishek@abhishek-HP-Laptop-15-bs0xx:~/Desktop/git/Tuna$ echo "The file is deleted but is not commited so we have to commit to store the snap "
The file is deleted but is not commited so we have to commit to store the snap 
abhishek@abhishek-HP-Laptop-15-bs0xx:~/Desktop/git/Tuna$ git commit -m "this is the point where we deleted the third file"
[master 06da0e8] this is the point where we deleted the third file
 1 file changed, 2 deletions(-)
 delete mode 100644 Third
abhishek@abhishek-HP-Laptop-15-bs0xx:~/Desktop/git/Tuna$ git status
On branch master
Changes not staged for commit:
  (use "git add/rm <file>..." to update what will be committed)
  (use "git checkout -- <file>..." to discard changes in working directory)

	deleted:    first

Untracked files:
  (use "git add <file>..." to include in what will be committed)

	home

no changes added to commit (use "git add" and/or "git commit -a")
abhishek@abhishek-HP-Laptop-15-bs0xx:~/Desktop/git/Tuna$ git add home 
abhishek@abhishek-HP-Laptop-15-bs0xx:~/Desktop/git/Tuna$ git rm first 
rm 'first'
abhishek@abhishek-HP-Laptop-15-bs0xx:~/Desktop/git/Tuna$ git status
On branch master
Changes to be committed:
  (use "git reset HEAD <file>..." to unstage)

	renamed:    first -> home

abhishek@abhishek-HP-Laptop-15-bs0xx:~/Desktop/git/Tuna$ git commit -m "Renamed our first to home"
[master c2debf1] Renamed our first to home
 1 file changed, 0 insertions(+), 0 deletions(-)
 rename first => home (100%)
abhishek@abhishek-HP-Laptop-15-bs0xx:~/Desktop/git/Tuna$ echo "another way to rename a file"
another way to rename a file
abhishek@abhishek-HP-Laptop-15-bs0xx:~/Desktop/git/Tuna$ git mv second pudding
abhishek@abhishek-HP-Laptop-15-bs0xx:~/Desktop/git/Tuna$ git status
On branch master
Changes to be committed:
  (use "git reset HEAD <file>..." to unstage)

	renamed:    second -> pudding

abhishek@abhishek-HP-Laptop-15-bs0xx:~/Desktop/git/Tuna$ mkdir LoveNotes
abhishek@abhishek-HP-Laptop-15-bs0xx:~/Desktop/git/Tuna$ ls
home  LoveNotes  pudding
abhishek@abhishek-HP-Laptop-15-bs0xx:~/Desktop/git/Tuna$ git mv pudding LoveNotes/paddy
abhishek@abhishek-HP-Laptop-15-bs0xx:~/Desktop/git/Tuna$ git status
On branch master
Changes to be committed:
  (use "git reset HEAD <file>..." to unstage)

	renamed:    second -> LoveNotes/paddy

abhishek@abhishek-HP-Laptop-15-bs0xx:~/Desktop/git/Tuna$ git commit -m "renamed file and put in LoveNotes"
[master 22d5aa4] renamed file and put in LoveNotes
 1 file changed, 0 insertions(+), 0 deletions(-)
 rename second => LoveNotes/paddy (100%)
abhishek@abhishek-HP-Laptop-15-bs0xx:~/Desktop/git/Tuna$ cd ..
abhishek@abhishek-HP-Laptop-15-bs0xx:~/Desktop/git$ cd Dogs_Site/
abhishek@abhishek-HP-Laptop-15-bs0xx:~/Desktop/git/Dogs_Site$ ls
about.html  contact.html  css  images  index.html  js  picture.html
abhishek@abhishek-HP-Laptop-15-bs0xx:~/Desktop/git/Dogs_Site$ git init
Initialized empty Git repository in /home/abhishek/Desktop/git/Dogs_Site/.git/
abhishek@abhishek-HP-Laptop-15-bs0xx:~/Desktop/git/Dogs_Site$ git status
On branch master

Initial commit

Untracked files:
  (use "git add <file>..." to include in what will be committed)

	about.html
	contact.html
	css/
	images/
	index.html
	js/
	picture.html

nothing added to commit but untracked files present (use "git add" to track)
abhishek@abhishek-HP-Laptop-15-bs0xx:~/Desktop/git/Dogs_Site$ git add .
abhishek@abhishek-HP-Laptop-15-bs0xx:~/Desktop/git/Dogs_Site$ git commit -m "this is the very first commit"
[master (root-commit) 933e41e] this is the very first commit
 79 files changed, 876 insertions(+)
 create mode 100644 about.html
 create mode 100644 contact.html
 create mode 100644 css/prettyPhoto.css
 create mode 100644 css/style.css
 create mode 100644 images/about.png
 create mode 100644 images/fullscreen/1.jpg
 create mode 100644 images/fullscreen/2.jpg
 create mode 100644 images/fullscreen/3.jpg
 create mode 100644 images/fullscreen/4.png
 create mode 100644 images/fullscreen/5.jpg
 create mode 100644 images/fullscreen/6.jpg
 create mode 100644 images/fullscreen/7.jpg
 create mode 100644 images/fullscreen/8.jpg
 create mode 100644 images/fullscreen/high.gif
 create mode 100644 images/fullscreen/huge.gif
 create mode 100644 images/fullscreen/wide.gif
 create mode 100644 images/gonzo.png
 create mode 100644 images/prettyPhoto/dark_rounded/btnNext.png
 create mode 100644 images/prettyPhoto/dark_rounded/btnPrevious.png
 create mode 100644 images/prettyPhoto/dark_rounded/contentPattern.png
 create mode 100644 images/prettyPhoto/dark_rounded/default_thumbnail.gif
 create mode 100644 images/prettyPhoto/dark_rounded/loader.gif
 create mode 100644 images/prettyPhoto/dark_rounded/sprite.png
 create mode 100644 images/prettyPhoto/dark_square/btnNext.png
 create mode 100644 images/prettyPhoto/dark_square/btnPrevious.png
 create mode 100644 images/prettyPhoto/dark_square/contentPattern.png
 create mode 100644 images/prettyPhoto/dark_square/default_thumbnail.gif
 create mode 100644 images/prettyPhoto/dark_square/loader.gif
 create mode 100644 images/prettyPhoto/dark_square/sprite.png
 create mode 100644 images/prettyPhoto/default/default_thumb.png
 create mode 100644 images/prettyPhoto/default/loader.gif
 create mode 100644 images/prettyPhoto/default/sprite.png
 create mode 100644 images/prettyPhoto/default/sprite_next.png
 create mode 100644 images/prettyPhoto/default/sprite_prev.png
 create mode 100644 images/prettyPhoto/default/sprite_x.png
 create mode 100644 images/prettyPhoto/default/sprite_y.png
 create mode 100644 images/prettyPhoto/facebook/btnNext.png
 create mode 100644 images/prettyPhoto/facebook/btnPrevious.png
 create mode 100644 images/prettyPhoto/facebook/contentPatternBottom.png
 create mode 100644 images/prettyPhoto/facebook/contentPatternLeft.png
 create mode 100644 images/prettyPhoto/facebook/contentPatternRight.png
 create mode 100644 images/prettyPhoto/facebook/contentPatternTop.png
 create mode 100644 images/prettyPhoto/facebook/default_thumbnail.gif
 create mode 100644 images/prettyPhoto/facebook/loader.gif
 create mode 100644 images/prettyPhoto/facebook/sprite.png
 create mode 100644 images/prettyPhoto/light_rounded/btnNext.png
 create mode 100644 images/prettyPhoto/light_rounded/btnPrevious.png
 create mode 100644 images/prettyPhoto/light_rounded/default_thumbnail.gif
 create mode 100644 images/prettyPhoto/light_rounded/loader.gif
 create mode 100644 images/prettyPhoto/light_rounded/sprite.png
 create mode 100644 images/prettyPhoto/light_square/btnNext.png
 create mode 100644 images/prettyPhoto/light_square/btnPrevious.png
 create mode 100644 images/prettyPhoto/light_square/default_thumbnail.gif
 create mode 100644 images/prettyPhoto/light_square/loader.gif
 create mode 100644 images/prettyPhoto/light_square/sprite.png
 create mode 100644 images/slide1.png
 create mode 100644 images/slide2.png
 create mode 100644 images/slide3.png
 create mode 100644 images/thumbnails/1.png
 create mode 100644 images/thumbnails/2.png
 create mode 100644 images/thumbnails/3.png
 create mode 100644 images/thumbnails/4.png
 create mode 100644 images/thumbnails/5.png
 create mode 100644 images/thumbnails/6.png
 create mode 100644 images/thumbnails/7.png
 create mode 100644 images/thumbnails/8.png
 create mode 100644 images/thumbnails/images/1.png
 create mode 100644 images/thumbnails/images/2.png
 create mode 100644 images/thumbnails/images/3.png
 create mode 100644 images/thumbnails/images/4.png
 create mode 100644 images/thumbnails/images/5.png
 create mode 100644 images/thumbnails/images/6.png
 create mode 100644 images/thumbnails/images/7.png
 create mode 100644 images/thumbnails/images/8.png
 create mode 100644 index.html
 create mode 100644 js/easySlider1.7.js
 create mode 100644 js/jquery.js
 create mode 100644 js/jquery.prettyPhoto.js
 create mode 100644 picture.html
abhishek@abhishek-HP-Laptop-15-bs0xx:~/Desktop/git/Dogs_Site$ git status
On branch master
Changes not staged for commit:
  (use "git add <file>..." to update what will be committed)
  (use "git checkout -- <file>..." to discard changes in working directory)

	modified:   about.html
	modified:   index.html

no changes added to commit (use "git add" and/or "git commit -a")
abhishek@abhishek-HP-Laptop-15-bs0xx:~/Desktop/git/Dogs_Site$ git commit -am "removing the HTML comments"
[master ba3a431] removing the HTML comments
 2 files changed, 2 insertions(+), 2 deletions(-)
abhishek@abhishek-HP-Laptop-15-bs0xx:~/Desktop/git/Dogs_Site$ echo "The  above command directly commit the changes without adding it to the staging area , however this command should be used only with the simple changes"
The  above command directly commit the changes without adding it to the staging area , however this command should be used only with the simple changes
abhishek@abhishek-HP-Laptop-15-bs0xx:~/Desktop/git/Dogs_Site$ git status
On branch master
Changes not staged for commit:
  (use "git add <file>..." to update what will be committed)
  (use "git checkout -- <file>..." to discard changes in working directory)

	modified:   index.html

no changes added to commit (use "git add" and/or "git commit -a")
abhishek@abhishek-HP-Laptop-15-bs0xx:~/Desktop/git/Dogs_Site$ git checkout -- index.html
abhishek@abhishek-HP-Laptop-15-bs0xx:~/Desktop/git/Dogs_Site$ git status
On branch master
nothing to commit, working directory clean
abhishek@abhishek-HP-Laptop-15-bs0xx:~/Desktop/git/Dogs_Site$ echo 

abhishek@abhishek-HP-Laptop-15-bs0xx:~/Desktop/git/Dogs_Site$ 
abhishek@abhishek-HP-Laptop-15-bs0xx:~/Desktop/git/Dogs_Site$ echo "the checkout command is used to bring back a previous state of project from repository"
the checkout command is used to bring back a previous state of project from repository


abhishek@abhishek-HP-Laptop-15-bs0xx:~$ cd Desktop/git/Dogs_Site/
abhishek@abhishek-HP-Laptop-15-bs0xx:~/Desktop/git/Dogs_Site$ git log
commit ba3a431ed88046cbfd6b8ec1efa9358e22034909
Author: Abhishek Kumar Singh <abhishek181297@gmail.com>
Date:   Thu Mar 29 11:39:54 2018 +0530

    removing the HTML comments

commit 933e41e89c71e3888e32d0e95a78c32eda20fc2e
Author: Abhishek Kumar Singh <abhishek181297@gmail.com>
Date:   Thu Mar 29 11:32:28 2018 +0530

    this is the very first commit
abhishek@abhishek-HP-Laptop-15-bs0xx:~/Desktop/git/Dogs_Site$ echo "How to unstage a file"
How to unstage a file
abhishek@abhishek-HP-Laptop-15-bs0xx:~/Desktop/git/Dogs_Site$ git status
On branch master
nothing to commit, working directory clean
abhishek@abhishek-HP-Laptop-15-bs0xx:~/Desktop/git/Dogs_Site$ git commit .
Aborting commit due to empty commit message.
abhishek@abhishek-HP-Laptop-15-bs0xx:~/Desktop/git/Dogs_Site$ git add .
abhishek@abhishek-HP-Laptop-15-bs0xx:~/Desktop/git/Dogs_Site$ git git status
git: 'git' is not a git command. See 'git --help'.

Did you mean this?
	init
abhishek@abhishek-HP-Laptop-15-bs0xx:~/Desktop/git/Dogs_Site$ git status
On branch master
Changes to be committed:
  (use "git reset HEAD <file>..." to unstage)

	modified:   contact.html

abhishek@abhishek-HP-Laptop-15-bs0xx:~/Desktop/git/Dogs_Site$ git reset HEAD contact.html
Unstaged changes after reset:
M	contact.html
abhishek@abhishek-HP-Laptop-15-bs0xx:~/Desktop/git/Dogs_Site$ git status
On branch master
Changes not staged for commit:
  (use "git add <file>..." to update what will be committed)
  (use "git checkout -- <file>..." to discard changes in working directory)

	modified:   contact.html

no changes added to commit (use "git add" and/or "git commit -a")
abhishek@abhishek-HP-Laptop-15-bs0xx:~/Desktop/git/Dogs_Site$ git add contact.html 
abhishek@abhishek-HP-Laptop-15-bs0xx:~/Desktop/git/Dogs_Site$ git commit 
Aborting commit due to empty commit message.
abhishek@abhishek-HP-Laptop-15-bs0xx:~/Desktop/git/Dogs_Site$ git status
On branch master
Changes to be committed:
  (use "git reset HEAD <file>..." to unstage)

	modified:   contact.html

abhishek@abhishek-HP-Laptop-15-bs0xx:~/Desktop/git/Dogs_Site$ git commit -m "how to bring back from staged to unstaged"
[master 2fe956d] how to bring back from staged to unstaged
 1 file changed, 1 insertion(+), 1 deletion(-)
abhishek@abhishek-HP-Laptop-15-bs0xx:~/Desktop/git/Dogs_Site$ git log
commit 2fe956de5d44ee8d201597b904501328edb93640
Author: Abhishek Kumar Singh <abhishek181297@gmail.com>
Date:   Thu Mar 29 12:01:44 2018 +0530

    how to bring back from staged to unstaged

commit ba3a431ed88046cbfd6b8ec1efa9358e22034909
Author: Abhishek Kumar Singh <abhishek181297@gmail.com>
Date:   Thu Mar 29 11:39:54 2018 +0530

    removing the HTML comments

commit 933e41e89c71e3888e32d0e95a78c32eda20fc2e
Author: Abhishek Kumar Singh <abhishek181297@gmail.com>
Date:   Thu Mar 29 11:32:28 2018 +0530

    this is the very first commit
abhishek@abhishek-HP-Laptop-15-bs0xx:~/Desktop/git/Dogs_Site$ echo "bringing the project to stage where we have removed the HTML comments we shall use the commit no."
bringing the project to stage where we have removed the HTML comments we shall use the commit no.
abhishek@abhishek-HP-Laptop-15-bs0xx:~/Desktop/git/Dogs_Site$ git checkout ba3a431 -- index.html
abhishek@abhishek-HP-Laptop-15-bs0xx:~/Desktop/git/Dogs_Site$ echo "NOw we have brought index.html to state when we have just removed the html comments"
NOw we have brought index.html to state when we have just removed the html comments
abhishek@abhishek-HP-Laptop-15-bs0xx:~/Desktop/git/Dogs_Site$ git status
On branch master
nothing to commit, working directory clean
abhishek@abhishek-HP-Laptop-15-bs0xx:~/Desktop/git/Dogs_Site$ git status
On branch master
nothing to commit, working directory clean
abhishek@abhishek-HP-Laptop-15-bs0xx:~/Desktop/git/Dogs_Site$ git remote add gitTutsRepo https://github.com/abhishek181297/gitTutsRepo.git
abhishek@abhishek-HP-Laptop-15-bs0xx:~/Desktop/git/Dogs_Site$ cd ..
abhishek@abhishek-HP-Laptop-15-bs0xx:~/Desktop/git$ ls
Dogs_Site  notes  Tuna
abhishek@abhishek-HP-Laptop-15-bs0xx:~/Desktop/git$ cd Tuna/
abhishek@abhishek-HP-Laptop-15-bs0xx:~/Desktop/git/Tuna$ git status
On branch master
Untracked files:
  (use "git add <file>..." to include in what will be committed)

	Third
	first
	second

nothing added to commit but untracked files present (use "git add" to track)
abhishek@abhishek-HP-Laptop-15-bs0xx:~/Desktop/git/Tuna$ git add .
abhishek@abhishek-HP-Laptop-15-bs0xx:~/Desktop/git/Tuna$ ls
first  home  LoveNotes  second  Third
abhishek@abhishek-HP-Laptop-15-bs0xx:~/Desktop/git/Tuna$ git log
commit 22d5aa4174b9577206d2691d2f3c4a079a7dcd8f
Author: Abhishek Kumar Singh <abhishek181297@gmail.com>
Date:   Thu Mar 29 10:45:32 2018 +0530

    renamed file and put in LoveNotes

commit c2debf17f6edf5ac5e0c925042171c1787497b60
Author: Abhishek Kumar Singh <abhishek181297@gmail.com>
Date:   Thu Mar 29 10:41:42 2018 +0530

    Renamed our first to home

commit 06da0e8c373c7a2c4f938215d4ee2e3c7883fa2f
Author: Abhishek Kumar Singh <abhishek181297@gmail.com>
Date:   Thu Mar 29 09:53:27 2018 +0530

    this is the point where we deleted the third file

commit 72e1dfe715f81c640054c5334dbed54b3f4602bc
Author: Abhishek Kumar Singh <abhishek181297@gmail.com>
Date:   Thu Mar 29 09:49:15 2018 +0530

    difference between >>git diff and >>git diff --staged

[1]+  Stopped                 git log
abhishek@abhishek-HP-Laptop-15-bs0xx:~/Desktop/git/Tuna$ git commit -m "the last commit"
[master 375040b] the last commit
 3 files changed, 9 insertions(+)
 create mode 100644 Third
 create mode 100644 first
 create mode 100644 second
abhishek@abhishek-HP-Laptop-15-bs0xx:~/Desktop/git/Tuna$ git status
On branch master
nothing to commit, working directory clean
abhishek@abhishek-HP-Laptop-15-bs0xx:~/Desktop/git/Tuna$ git remote add gitTutsRepo https://github.com/abhishek181297/gitTutsRepo.git
abhishek@abhishek-HP-Laptop-15-bs0xx:~/Desktop/git/Tuna$ git push -u gitTutsRepo master
Username for 'https://github.com': abhishek181297@gmail.com
Password for 'https://abhishek181297@gmail.com@github.com': 
Counting objects: 37, done.
Delta compression using up to 4 threads.
Compressing objects: 100% (30/30), done.
Writing objects: 100% (37/37), 3.82 KiB | 0 bytes/s, done.
Total 37 (delta 4), reused 0 (delta 0)
remote: Resolving deltas: 100% (4/4), done.
To https://github.com/abhishek181297/gitTutsRepo.git
 * [new branch]      master -> master
Branch master set up to track remote branch master from gitTutsRepo.
abhishek@abhishek-HP-Laptop-15-bs0xx:~/Desktop/git/Tuna$ ls
first  home  LoveNotes  second  Third
abhishek@abhishek-HP-Laptop-15-bs0xx:~/Desktop/git/Tuna$ cd ..
abhishek@abhishek-HP-Laptop-15-bs0xx:~/Desktop/git$ ls
Dogs_Site  notes  Tuna
abhishek@abhishek-HP-Laptop-15-bs0xx:~/Desktop/git$ cp notes Tuna/notes
abhishek@abhishek-HP-Laptop-15-bs0xx:~/Desktop/git$ cd Tuna/
abhishek@abhishek-HP-Laptop-15-bs0xx:~/Desktop/git/Tuna$ ls
first  home  LoveNotes  notes  second  Third
abhishek@abhishek-HP-Laptop-15-bs0xx:~/Desktop/git/Tuna$ git status
On branch master
Your branch is up-to-date with 'gitTutsRepo/master'.
Untracked files:
  (use "git add <file>..." to include in what will be committed)

	notes

nothing added to commit but untracked files present (use "git add" to track)
abhishek@abhishek-HP-Laptop-15-bs0xx:~/Desktop/git/Tuna$ git add .
abhishek@abhishek-HP-Laptop-15-bs0xx:~/Desktop/git/Tuna$ git commit -m "adding the notes"
[master 751178f] adding the notes
 1 file changed, 559 insertions(+)
 create mode 100644 notes
abhishek@abhishek-HP-Laptop-15-bs0xx:~/Desktop/git/Tuna$ echo "in .gitignore we write those files or folders which we don't want to keep track of "
in .gitignore we write those files or folders which we don't want to keep track of 
abhishek@abhishek-HP-Laptop-15-bs0xx:~/Desktop/git/Tuna$ git status
On branch master
Your branch is ahead of 'gitTutsRepo/master' by 1 commit.
  (use "git push" to publish your local commits)
nothing to commit, working directory clean
abhishek@abhishek-HP-Laptop-15-bs0xx:~/Desktop/git/Tuna$ git push -u gitTutsRepo master
Username for 'https://github.com': abhishek181297
Password for 'https://abhishek181297@github.com': 
Counting objects: 3, done.
Delta compression using up to 4 threads.
Compressing objects: 100% (3/3), done.
Writing objects: 100% (3/3), 3.98 KiB | 0 bytes/s, done.
Total 3 (delta 1), reused 0 (delta 0)
remote: Resolving deltas: 100% (1/1), completed with 1 local object.
To https://github.com/abhishek181297/gitTutsRepo.git
   375040b..751178f  master -> master
Branch master set up to track remote branch master from gitTutsRepo.
abhishek@abhishek-HP-Laptop-15-bs0xx:~/Desktop/git/Tuna$ git status
On branch master
Your branch is up-to-date with 'gitTutsRepo/master'.
nothing to commit, working directory clean
abhishek@abhishek-HP-Laptop-15-bs0xx:~/Desktop/git/Tuna$ 



